// Jest Snapshot v1, https://goo.gl/fbAQLP

exports[`<Sidebar /> renders correctly 1`] = `
<div
  className="MuiDrawer-docked-89"
>
  <div
    className="MuiPaper-root-100 MuiPaper-elevation0-102 MuiDrawer-paper-90 Sidebar-drawerPaper-87 MuiDrawer-paperAnchorLeft-91 MuiDrawer-paperAnchorDockedLeft-95"
  >
    <div
      className="Sidebar-drawerHeader-88"
    >
      <div
        aria-describedby={undefined}
        className="MuiFormControl-root-127 MuiFormControl-marginNormal-128 MuiFormControl-fullWidth-130"
        onBlur={[Function]}
        onFocus={[Function]}
      >
        <div
          className="MuiInput-root-131 MuiInput-fullWidth-138 MuiInput-formControl-132 MuiInput-underline-135"
        >
          <input
            aria-invalid={false}
            aria-required={false}
            autoComplete={undefined}
            autoFocus={undefined}
            className="MuiInput-input-139"
            defaultValue={undefined}
            disabled={false}
            id={undefined}
            name={undefined}
            onBlur={[Function]}
            onChange={[Function]}
            onFocus={[Function]}
            onKeyDown={undefined}
            onKeyUp={undefined}
            placeholder="Search chats..."
            readOnly={undefined}
            required={undefined}
            rows={undefined}
            type="text"
            value=""
          />
        </div>
      </div>
    </div>
    <hr
      className="MuiDivider-root-145"
    />
    ChatList
    NewChatButton
    <div
      className="MuiBottomNavigation-root-149"
    >
      <button
        className="MuiButtonBase-root-157 MuiBottomNavigationAction-root-150 MuiBottomNavigationAction-selected-151"
        disabled={undefined}
        onBlur={[Function]}
        onClick={[Function]}
        onFocus={[Function]}
        onKeyDown={[Function]}
        onKeyUp={[Function]}
        onMouseDown={[Function]}
        onMouseLeave={[Function]}
        onMouseUp={[Function]}
        onTouchEnd={[Function]}
        onTouchMove={[Function]}
        onTouchStart={[Function]}
        tabIndex="0"
        type="button"
      >
        <span
          className="MuiBottomNavigationAction-wrapper-153"
        >
          <svg
            aria-hidden="true"
            className="MuiSvgIcon-root-160"
            color={undefined}
            focusable="false"
            viewBox="0 0 24 24"
          >
            <path
              d="M12 12c2.21 0 4-1.79 4-4s-1.79-4-4-4-4 1.79-4 4 1.79 4 4 4zm0 2c-2.67 0-8 1.34-8 4v2h16v-2c0-2.66-5.33-4-8-4z"
            />
          </svg>
          <span
            className="MuiBottomNavigationAction-label-154 MuiBottomNavigationAction-labelSelected-155"
          >
            My Chats
          </span>
        </span>
        <span
          className="MuiTouchRipple-root-166"
        />
      </button>
      <button
        className="MuiButtonBase-root-157 MuiBottomNavigationAction-root-150"
        disabled={undefined}
        onBlur={[Function]}
        onClick={[Function]}
        onFocus={[Function]}
        onKeyDown={[Function]}
        onKeyUp={[Function]}
        onMouseDown={[Function]}
        onMouseLeave={[Function]}
        onMouseUp={[Function]}
        onTouchEnd={[Function]}
        onTouchMove={[Function]}
        onTouchStart={[Function]}
        tabIndex="0"
        type="button"
      >
        <span
          className="MuiBottomNavigationAction-wrapper-153"
        >
          <svg
            aria-hidden="true"
            className="MuiSvgIcon-root-160"
            color={undefined}
            focusable="false"
            viewBox="0 0 24 24"
          >
            <path
              d="M12 2C6.48 2 2 6.48 2 12s4.48 10 10 10 10-4.48 10-10S17.52 2 12 2zm-1 17.93c-3.95-.49-7-3.85-7-7.93 0-.62.08-1.21.21-1.79L9 15v1c0 1.1.9 2 2 2v1.93zm6.9-2.54c-.26-.81-1-1.39-1.9-1.39h-1v-3c0-.55-.45-1-1-1H8v-2h2c.55 0 1-.45 1-1V7h2c1.1 0 2-.9 2-2v-.41c2.93 1.19 5 4.06 5 7.41 0 2.08-.8 3.97-2.1 5.39z"
            />
          </svg>
          <span
            className="MuiBottomNavigationAction-label-154"
          >
            Global
          </span>
        </span>
        <span
          className="MuiTouchRipple-root-166"
        />
      </button>
    </div>
  </div>
</div>
`;
